<?xml version="1.0" encoding="UTF-8"?>
<TestRun id="09953d7e-a9a3-4841-a610-7e7a642e3df8" name="Lucian@LMS-UNITBV 2013-12-02 09:27:28" runUser="lms-unitbv\Lucian" xmlns="http://microsoft.com/schemas/VisualStudio/TeamTest/2010">
  <TestSettings name="Local" id="2343c028-4ced-4602-b612-ebc4647c07ce">
    <Description>These are default test settings for a local test run.</Description>
    <Deployment enabled="false" runDeploymentRoot="Lucian_LMS-UNITBV 2013-12-02 09_27_28">
      <DeploymentItem filename="d:\Work\school\cursuri\ASSE\2013-2014\Laborator\Laborator 9\cod\DemoMocking\packages\RhinoMocks.3.6.1\lib\net\Rhino.Mocks.dll" />
      <DeploymentItem filename="d:\Work\school\cursuri\ASSE\2013-2014\Laborator\Laborator 9\cod\DemoMocking\DemoMocking\bin\Debug\DemoMocking.dll" />
    </Deployment>
    <Execution>
      <TestTypeSpecific />
      <AgentRule name="Execution Agents">
      </AgentRule>
    </Execution>
  </TestSettings>
  <Times creation="2013-12-02T09:27:28.2006113+02:00" queuing="2013-12-02T09:27:28.4846276+02:00" start="2013-12-02T09:27:28.5446310+02:00" finish="2013-12-02T09:27:29.3776787+02:00" />
  <ResultSummary outcome="Completed">
    <Counters total="2" executed="2" passed="2" error="0" failed="0" timeout="0" aborted="0" inconclusive="0" passedButRunAborted="0" notRunnable="0" notExecuted="0" disconnected="0" warning="0" completed="0" inProgress="0" pending="0" />
  </ResultSummary>
  <TestDefinitions>
    <UnitTest name="TestMethodNight" storage="d:\work\school\cursuri\asse\2013-2014\laborator\laborator 9\cod\demomocking\teswithmock\bin\debug\teswithmock.dll" id="06c71767-8b40-8f83-639b-626d6e2a0bce">
      <Execution id="715c20ed-aba3-4299-85f9-e4157f5e0b54" />
      <TestMethod codeBase="d:/Work/school/cursuri/ASSE/2013-2014/Laborator/Laborator 9/cod/DemoMocking/TesWithMock/bin/Debug/TesWithMock.DLL" adapterTypeName="Microsoft.VisualStudio.TestTools.TestTypes.Unit.UnitTestAdapter, Microsoft.VisualStudio.QualityTools.Tips.UnitTest.Adapter, Version=10.0.0.0, Culture=neutral, PublicKeyToken=b03f5f7f11d50a3a" className="TesWithMock.UnitTest1, TesWithMock, Version=1.0.0.0, Culture=neutral, PublicKeyToken=null" name="TestMethodNight" />
    </UnitTest>
    <UnitTest name="TestMethodDay" storage="d:\work\school\cursuri\asse\2013-2014\laborator\laborator 9\cod\demomocking\teswithmock\bin\debug\teswithmock.dll" id="6f0330f0-c090-0e4b-7b36-04c42e3446ef">
      <Execution id="3d8c7e7a-ce51-45c0-aef6-8afa51bdafe9" />
      <TestMethod codeBase="d:/Work/school/cursuri/ASSE/2013-2014/Laborator/Laborator 9/cod/DemoMocking/TesWithMock/bin/Debug/TesWithMock.DLL" adapterTypeName="Microsoft.VisualStudio.TestTools.TestTypes.Unit.UnitTestAdapter, Microsoft.VisualStudio.QualityTools.Tips.UnitTest.Adapter, Version=10.0.0.0, Culture=neutral, PublicKeyToken=b03f5f7f11d50a3a" className="TesWithMock.UnitTest1, TesWithMock, Version=1.0.0.0, Culture=neutral, PublicKeyToken=null" name="TestMethodDay" />
    </UnitTest>
  </TestDefinitions>
  <TestLists>
    <TestList name="Results Not in a List" id="8c84fa94-04c1-424b-9868-57a2d4851a1d" />
    <TestList name="All Loaded Results" id="19431567-8539-422a-85d7-44ee4e166bda" />
  </TestLists>
  <TestEntries>
    <TestEntry testId="06c71767-8b40-8f83-639b-626d6e2a0bce" executionId="715c20ed-aba3-4299-85f9-e4157f5e0b54" testListId="8c84fa94-04c1-424b-9868-57a2d4851a1d" />
    <TestEntry testId="6f0330f0-c090-0e4b-7b36-04c42e3446ef" executionId="3d8c7e7a-ce51-45c0-aef6-8afa51bdafe9" testListId="8c84fa94-04c1-424b-9868-57a2d4851a1d" />
  </TestEntries>
  <Results>
    <UnitTestResult executionId="715c20ed-aba3-4299-85f9-e4157f5e0b54" testId="06c71767-8b40-8f83-639b-626d6e2a0bce" testName="TestMethodNight" computerName="LMS-UNITBV" duration="00:00:00.2001160" startTime="2013-12-02T09:27:28.5986341+02:00" endTime="2013-12-02T09:27:29.3406766+02:00" testType="13cdc9d9-ddb5-4fa4-a97d-d965ccfc6d4b" outcome="Passed" testListId="8c84fa94-04c1-424b-9868-57a2d4851a1d" relativeResultsDirectory="715c20ed-aba3-4299-85f9-e4157f5e0b54">
    </UnitTestResult>
    <UnitTestResult executionId="3d8c7e7a-ce51-45c0-aef6-8afa51bdafe9" testId="6f0330f0-c090-0e4b-7b36-04c42e3446ef" testName="TestMethodDay" computerName="LMS-UNITBV" duration="00:00:00.0027456" startTime="2013-12-02T09:27:29.3446768+02:00" endTime="2013-12-02T09:27:29.3506771+02:00" testType="13cdc9d9-ddb5-4fa4-a97d-d965ccfc6d4b" outcome="Passed" testListId="8c84fa94-04c1-424b-9868-57a2d4851a1d" relativeResultsDirectory="3d8c7e7a-ce51-45c0-aef6-8afa51bdafe9">
    </UnitTestResult>
  </Results>
</TestRun>